Godot Engine v4.6.stable.official.89cea1439 - https://godotengine.org
OpenGL API 3.3.0 NVIDIA 591.86 - Compatibility - Using Device: NVIDIA - NVIDIA GeForce RTX 3090

SCRIPT ERROR: Parse Error: Variable "audio_enabled" has the same name as a previously declared variable.
   at: GDScript::reload (res://CameraController.gd:7)
ERROR: Failed to load script "res://CameraController.gd" with error "Parse error".
   at: load (modules/gdscript/gdscript.cpp:2907)
Main game coordinator loaded.
Ground plane set up successfully.
Wood chipper and suction area set up successfully.
GameController initialized 213 branches. Deadwood branches: 0
SCRIPT ERROR: Invalid assignment of property or key 'score' with value of type 'int' on a base object of type 'Camera3D'.
   at: GameController.update_hud (res://GameController.gd:637)
   GDScript backtrace (most recent call first):
       [0] update_hud (res://GameController.gd:637)
       [1] regenerate_current_tree (res://GameController.gd:280)
WARNING: 4 RIDs of type "CanvasItem" were leaked.
   at: _free_rids (servers/rendering/renderer_canvas_cull.cpp:2692)
ERROR: 1 RID allocations of type 'N5GLES37TextureE' were leaked at exit.
ERROR: Texture with GL ID of 27: leaked 174762 bytes.
   at: ~Utilities (drivers/gles3/storage/utilities.cpp:77)
ERROR: 1 RID allocations of type 'PN18TextServerAdvanced12FontAdvancedE' were leaked at exit.
WARNING: ObjectDB instances leaked at exit (run with --verbose for details).
   at: cleanup (core/object/object.cpp:2641)
